
sparsh.chawla@HVTNDAL0810 MINGW64 ~
$ dir
3D\ Objects        Downloads              NTUSER.DAT
AppData            Favorites              NTUSER.DAT{53b39e88-18c4-11ea-a811-000
Application\ Data  IntelGraphicsProfiles  NTUSER.DAT{53b39e88-18c4-11ea-a811-000
Contacts           Links                  NTUSER.DAT{53b39e88-18c4-11ea-a811-000
Cookies            Local\ Settings        NetHood
Desktop            Music                  OneDrive
Documents          My\ Documents          Pictures

sparsh.chawla@HVTNDAL0810 MINGW64 ~
$ cd Desktop

sparsh.chawla@HVTNDAL0810 MINGW64 ~/Desktop
$ dir
New\ Text\ Document.txt  Repos  Work\ -\ Edge.lnk  desktop.ini  git_repos  githu

sparsh.chawla@HVTNDAL0810 MINGW64 ~/Desktop
$ cd git_repos

sparsh.chawla@HVTNDAL0810 MINGW64 ~/Desktop/git_repos
$ mkdir changes

sparsh.chawla@HVTNDAL0810 MINGW64 ~/Desktop/git_repos
$ dir
changes

sparsh.chawla@HVTNDAL0810 MINGW64 ~/Desktop/git_repos
$ cd changes

sparsh.chawla@HVTNDAL0810 MINGW64 ~/Desktop/git_repos/changes
$ git init
Initialized empty Git repository in C:/Users/Sparsh.chawla/Desktop/git_repos/cha

sparsh.chawla@HVTNDAL0810 MINGW64 ~/Desktop/git_repos/changes (master)
$ git pull git@github.com:Sparsh52/training-.git
remote: Enumerating objects: 7, done.
remote: Counting objects: 100% (7/7), done.
remote: Compressing objects: 100% (6/6), done.
remote: Total 7 (delta 1), reused 7 (delta 1), pack-reused 0
Unpacking objects: 100% (7/7), 5.62 KiB | 169.00 KiB/s, done.
From github.com:Sparsh52/training-
 * branch            HEAD       -> FETCH_HEAD

sparsh.chawla@HVTNDAL0810 MINGW64 ~/Desktop/git_repos/changes (master)
$


sparsh.chawla@HVTNDAL0810 MINGW64 ~
$ dir
3D\ Objects        Downloads              NTUSER.DAT                                                                                    PrintHood     Videos
AppData            Favorites              NTUSER.DAT{53b39e88-18c4-11ea-a811-000d3aa4692b}.TM.blf                                       Recent        ntuser.dat.LOG1
Application\ Data  IntelGraphicsProfiles  NTUSER.DAT{53b39e88-18c4-11ea-a811-000d3aa4692b}.TMContainer00000000000000000001.regtrans-ms  Saved\ Games  ntuser.dat.LOG2
Contacts           Links                  NTUSER.DAT{53b39e88-18c4-11ea-a811-000d3aa4692b}.TMContainer00000000000000000002.regtrans-ms  Searches      ntuser.ini
Cookies            Local\ Settings        NetHood                                                                                       SendTo        test
Desktop            Music                  OneDrive                                                                                      Start\ Menu
Documents          My\ Documents          Pictures                                                                                      Templates

sparsh.chawla@HVTNDAL0810 MINGW64 ~
$ cd Desktop

sparsh.chawla@HVTNDAL0810 MINGW64 ~/Desktop
$ dir
New\ Text\ Document.txt  Repos  Work\ -\ Edge.lnk  desktop.ini  git_repos  githubnewaccount.txt  ssh.txt

sparsh.chawla@HVTNDAL0810 MINGW64 ~/Desktop
$ cd git_repos

sparsh.chawla@HVTNDAL0810 MINGW64 ~/Desktop/git_repos
$ dir
changes

sparsh.chawla@HVTNDAL0810 MINGW64 ~/Desktop/git_repos
$ cd changes

sparsh.chawla@HVTNDAL0810 MINGW64 ~/Desktop/git_repos/changes (master)
$ git status
On branch master
Untracked files:
  (use "git add <file>..." to include in what will be committed)
        pull request.txt

nothing added to commit but untracked files present (use "git add" to track)

sparsh.chawla@HVTNDAL0810 MINGW64 ~/Desktop/git_repos/changes (master)
$ git add .

sparsh.chawla@HVTNDAL0810 MINGW64 ~/Desktop/git_repos/changes (master)
$ git commit -m "pull request"
[master 8215927] pull request
 1 file changed, 47 insertions(+)
 create mode 100644 pull request.txt

sparsh.chawla@HVTNDAL0810 MINGW64 ~/Desktop/git_repos/changes (master)
$ git remote add origin git@github.com:Sparsh52/training-.git

sparsh.chawla@HVTNDAL0810 MINGW64 ~/Desktop/git_repos/changes (master)
$ git remote -v
origin  git@github.com:Sparsh52/training-.git (fetch)
origin  git@github.com:Sparsh52/training-.git (push)

sparsh.chawla@HVTNDAL0810 MINGW64 ~/Desktop/git_repos/changes (master)
$ git push -u origin
fatal: The current branch master has no upstream branch.
To push the current branch and set the remote as upstream, use

    git push --set-upstream origin master

To have this happen automatically for branches without a tracking
upstream, see 'push.autoSetupRemote' in 'git help config'.


sparsh.chawla@HVTNDAL0810 MINGW64 ~/Desktop/git_repos/changes (master)
$ git push -u origin master
Enumerating objects: 4, done.
Counting objects: 100% (4/4), done.
Delta compression using up to 8 threads
Compressing objects: 100% (3/3), done.
Writing objects: 100% (3/3), 850 bytes | 283.00 KiB/s, done.
Total 3 (delta 1), reused 0 (delta 0), pack-reused 0
remote: Resolving deltas: 100% (1/1), completed with 1 local object.
To github.com:Sparsh52/training-.git
   ed0d469..8215927  master -> master
branch 'master' set up to track 'origin/master'.

sparsh.chawla@HVTNDAL0810 MINGW64 ~/Desktop/git_repos/changes (master)
$
